// Jest Snapshot v1, https://goo.gl/fbAQLP

exports[`should render MovieDetails correctly with movie details 1`] = `
<div
  className="movie-container"
>
  <div
    className="content-container"
  >
    <div
      className="movie-details"
    >
      <div
        className="section"
      >
        <img
          src="https://image.tmdb.org/t/p/original//btTdmkgIvOi0FFip1sPuZI2oQG6.jpg?api_key=375d33fe34920fdf8cb02b7ce3600ba7"
        />
      </div>
      <div
        className="section"
      >
        <h1
          className="movie-title"
        />
        <h2
          className="movie-description"
        />
        <p />
        <div
          className="details"
        >
          <div
            className="detail"
          >
            <h3>
              Original Release:
            </h3>
            <h2 />
          </div>
          <div
            className="detail"
          >
            <h3>
              Running Time:
            </h3>
            <h2>
              0 mins
            </h2>
          </div>
          <div
            className="detail"
          >
            <h3>
              Box Office:
            </h3>
            <h2>
              $0
            </h2>
          </div>
          <div
            className="detail"
          >
            <h3>
              Vote Average:
            </h3>
            <h2>
              0 / 10
            </h2>
          </div>
        </div>
      </div>
    </div>
  </div>
</div>
`;
